\BOOKMARK [0][-]{chapter*.1}{\376\377\004\022\004\062\004\065\004\064\004\065\004\075\004\070\004\065}{}% 1
\BOOKMARK [0][-]{chapter*.2}{\376\377\004\037\004\076\004\101\004\102\004\060\004\075\004\076\004\062\004\072\004\060\000\040\004\067\004\060\004\064\004\060\004\107\004\070}{}% 2
\BOOKMARK [0][-]{chapter*.3}{\376\377\004\036\004\061\004\067\004\076\004\100\000\040\004\073\004\070\004\102\004\065\004\100\004\060\004\102\004\103\004\100\004\113}{}% 3
\BOOKMARK [0][-]{chapter.1}{\376\377\004\042\004\065\004\105\004\075\004\076\004\073\004\076\004\063\004\070\004\117\000\040\000W\000e\000b\000A\000s\000s\000e\000m\000b\000l\000y\000\040\004\070\000\040\004\062\004\113\004\101\004\076\004\072\004\076\004\077\004\100\004\076\004\070\004\067\004\062\004\076\004\064\004\070\004\102\004\065\004\073\004\114\004\075\004\113\004\065\000\040\004\062\004\113\004\107\004\070\004\101\004\073\004\065\004\075\004\070\004\117\000\040\004\062\000\040\004\061\004\100\004\060\004\103\004\067\004\065\004\100\004\075\004\076\004\071\000\040\004\101\004\100\004\065\004\064\004\065}{}% 4
\BOOKMARK [1][-]{section.1.1}{\376\377\004\036\004\077\004\100\004\065\004\064\004\065\004\073\004\065\004\075\004\070\004\065\000\040\004\070\000\040\004\075\004\060\004\067\004\075\004\060\004\107\004\065\004\075\004\070\004\065\000\040\000W\000e\000b\000A\000s\000s\000e\000m\000b\000l\000y}{chapter.1}% 5
\BOOKMARK [1][-]{section.1.2}{\376\377\004\020\004\100\004\105\004\070\004\102\004\065\004\072\004\102\004\103\004\100\004\060\000\040\004\070\000\040\004\074\004\076\004\064\004\065\004\073\004\114\000\040\004\070\004\101\004\077\004\076\004\073\004\075\004\065\004\075\004\070\004\117}{chapter.1}% 6
\BOOKMARK [1][-]{section.1.3}{\376\377\004\032\004\076\004\074\004\077\004\070\004\073\004\117\004\106\004\070\004\117\000\040\004\075\004\060\004\102\004\070\004\062\004\075\004\076\004\063\004\076\000\040\004\072\004\076\004\064\004\060\000\040\004\062\000\040\000W\000e\000b\000A\000s\000s\000a\000m\000b\000l\000y}{chapter.1}% 7
\BOOKMARK [1][-]{section.1.4}{\376\377\004\034\004\075\004\076\004\063\004\076\004\077\004\076\004\102\004\076\004\107\004\075\004\076\004\101\004\102\004\114\000\040\004\062\000\040\004\061\004\100\004\060\004\103\004\067\004\065\004\100\004\075\004\076\004\071\000\040\004\101\004\100\004\065\004\064\004\065}{chapter.1}% 8
\BOOKMARK [1][-]{section.1.5}{\376\377\004\037\004\100\004\076\004\070\004\067\004\062\004\076\004\064\004\070\004\102\004\065\004\073\004\114\004\075\004\076\004\101\004\102\004\114\000\040\000W\000e\000b\000A\000s\000s\000e\000m\000b\000l\000y}{chapter.1}% 9
\BOOKMARK [1][-]{section.1.6}{\376\377\004\041\004\077\004\065\004\106\004\070\004\104\004\070\004\072\004\060\004\106\004\070\004\070\000\040\000B\000L\000A\000S\000\040\004\070\000\040\000L\000A\000P\000A\000C\000K}{chapter.1}% 10
\BOOKMARK [0][-]{chapter.2}{\376\377\004\037\004\100\004\076\004\065\004\072\004\102\004\070\004\100\004\076\004\062\004\060\004\075\004\070\004\065\000\040\004\060\004\100\004\105\004\070\004\102\004\065\004\072\004\102\004\103\004\100\004\113\000\040\004\077\004\073\004\060\004\102\004\104\004\076\004\100\004\074\004\113}{}% 11
\BOOKMARK [1][-]{section.2.1}{\376\377\004\042\004\100\004\065\004\061\004\076\004\062\004\060\004\075\004\070\004\117\000\040\004\072\000\040\004\077\004\073\004\060\004\102\004\104\004\076\004\100\004\074\004\065\000\040\004\070\000\040\004\104\004\103\004\075\004\072\004\106\004\070\004\076\004\075\004\060\004\073\004\114\004\075\004\113\004\065\000\040\004\062\004\076\004\067\004\074\004\076\004\066\004\075\004\076\004\101\004\102\004\070}{chapter.2}% 12
\BOOKMARK [1][-]{section.2.2}{\376\377\004\022\004\113\004\061\004\076\004\100\000\040\004\102\004\065\004\105\004\075\004\076\004\073\004\076\004\063\004\070\004\107\004\065\004\101\004\072\004\076\004\063\004\076\000\040\004\101\004\102\004\065\004\072\004\060}{chapter.2}% 13
\BOOKMARK [1][-]{section.2.3}{\376\377\004\020\004\100\004\105\004\070\004\102\004\065\004\072\004\102\004\103\004\100\004\060\000\040\004\077\004\100\004\076\004\102\004\076\004\102\004\070\004\077\004\060}{chapter.2}% 14
\BOOKMARK [1][-]{section.2.4}{\376\377\004\037\004\100\004\076\004\065\004\072\004\102\004\070\004\100\004\076\004\062\004\060\004\075\004\070\004\065\000\040\004\101\004\102\004\100\004\103\004\072\004\102\004\103\004\100\000\040\004\064\004\060\004\075\004\075\004\113\004\105\000\040\004\070\000\040\004\070\004\075\004\102\004\065\004\100\004\104\004\065\004\071\004\101\004\076\004\062\000\040\004\062\004\067\004\060\004\070\004\074\004\076\004\064\004\065\004\071\004\101\004\102\004\062\004\070\004\117}{chapter.2}% 15
\BOOKMARK [0][-]{chapter.3}{\376\377\004\040\004\065\004\060\004\073\004\070\004\067\004\060\004\106\004\070\004\117\000\040\004\077\004\100\004\076\004\102\004\076\004\102\004\070\004\077\004\060}{}% 16
\BOOKMARK [1][-]{section.3.1}{\376\377\004\044\004\060\004\071\004\073\004\076\004\062\004\060\004\117\000\040\004\101\004\102\004\100\004\103\004\072\004\102\004\103\004\100\004\060\000\040\004\077\004\100\004\076\004\065\004\072\004\102\004\060}{chapter.3}% 17
\BOOKMARK [1][-]{section.3.2}{\376\377\004\040\004\065\004\060\004\073\004\070\004\067\004\060\004\106\004\070\004\117\000\040\004\062\004\113\004\107\004\070\004\101\004\073\004\070\004\102\004\065\004\073\004\114\004\075\004\076\004\063\004\076\000\040\004\117\004\064\004\100\004\060\000\040\000W\000e\000b\000A\000s\000s\000e\000m\000b\000l\000y}{chapter.3}% 18
\BOOKMARK [2][-]{subsection.3.2.1}{\376\377\004\030\004\075\004\070\004\106\004\070\004\060\004\073\004\070\004\067\004\060\004\106\004\070\004\117\000\040\004\070\000\040\004\067\004\060\004\063\004\100\004\103\004\067\004\072\004\060\000\040\004\074\004\076\004\064\004\103\004\073\004\117}{section.3.2}% 19
\BOOKMARK [2][-]{subsection.3.2.2}{\376\377\004\030\004\075\004\102\004\065\004\100\004\104\004\065\004\071\004\101\000\040\004\076\004\061\004\074\004\065\004\075\004\060\000\040\004\064\004\060\004\075\004\075\004\113\004\074\004\070}{section.3.2}% 20
\BOOKMARK [1][-]{section.3.3}{\376\377\004\036\004\100\004\063\004\060\004\075\004\070\004\067\004\060\004\106\004\070\004\117\000\040\004\060\004\073\004\063\004\076\004\100\004\070\004\102\004\074\004\070\004\107\004\065\004\101\004\072\004\070\004\105\000\040\004\074\004\076\004\064\004\103\004\073\004\065\004\071}{chapter.3}% 21
\BOOKMARK [2][-]{subsection.3.3.1}{\376\377\004\043\004\075\004\070\004\104\004\070\004\106\004\070\004\100\004\076\004\062\004\060\004\075\004\075\004\113\004\071\000\040\004\070\004\075\004\102\004\065\004\100\004\104\004\065\004\071\004\101\000\040\004\074\004\076\004\064\004\103\004\073\004\117}{section.3.3}% 22
\BOOKMARK [2][-]{subsection.3.3.2}{\376\377\004\037\004\100\004\070\004\074\004\065\004\100\000\040\004\100\004\065\004\060\004\073\004\070\004\067\004\060\004\106\004\070\004\070\000:\000\040\004\074\004\065\004\102\004\076\004\064\000\040\004\023\004\060\004\103\004\101\004\101\004\060}{section.3.3}% 23
\BOOKMARK [2][-]{subsection.3.3.3}{\376\377\004\033\004\065\004\075\004\070\004\062\004\060\004\117\000\040\004\067\004\060\004\063\004\100\004\103\004\067\004\072\004\060\000\040\004\074\004\076\004\064\004\103\004\073\004\065\004\071}{section.3.3}% 24
\BOOKMARK [1][-]{section.3.4}{\376\377\004\032\004\076\004\074\004\077\004\076\004\075\004\065\004\075\004\102\004\075\004\060\004\117\000\040\004\060\004\100\004\105\004\070\004\102\004\065\004\072\004\102\004\103\004\100\004\060\000\040\004\070\004\075\004\102\004\065\004\100\004\104\004\065\004\071\004\101\004\060}{chapter.3}% 25
\BOOKMARK [2][-]{subsection.3.4.1}{\376\377\004\032\004\076\004\074\004\077\004\076\004\075\004\065\004\075\004\102\004\113\000-\004\101\004\102\004\100\004\060\004\075\004\070\004\106\004\113}{section.3.4}% 26
\BOOKMARK [2][-]{subsection.3.4.2}{\376\377\004\032\004\076\004\074\004\077\004\076\004\075\004\065\004\075\004\102\000\040\004\062\004\062\004\076\004\064\004\060\000\040\004\064\004\060\004\075\004\075\004\113\004\105\000\040\000M\000a\000t\000r\000i\000x\000I\000n\000p\000u\000t}{section.3.4}% 27
\BOOKMARK [2][-]{subsection.3.4.3}{\376\377\004\032\004\076\004\074\004\077\004\076\004\075\004\065\004\075\004\102\000\040\004\062\004\070\004\067\004\103\004\060\004\073\004\070\004\067\004\060\004\106\004\070\004\070\000\040\000V\000i\000s\000u\000a\000l\000i\000z\000a\000t\000i\000o\000n}{section.3.4}% 28
\BOOKMARK [2][-]{subsection.3.4.4}{\376\377\004\032\004\076\004\074\004\077\004\076\004\075\004\065\004\075\004\102\000\040\004\066\004\103\004\100\004\075\004\060\004\073\004\060\000\040\004\110\004\060\004\063\004\076\004\062\000\040\000S\000t\000e\000p\000L\000o\000g}{section.3.4}% 29
\BOOKMARK [1][-]{section.3.5}{\376\377\004\043\004\102\004\070\004\073\004\070\004\102\004\075\004\113\004\071\000\040\004\074\004\076\004\064\004\103\004\073\004\114\000\040\000s\000o\000l\000v\000e\000r\000U\000t\000i\000l\000s}{chapter.3}% 30
\BOOKMARK [1][-]{section.3.6}{\376\377\004\034\004\060\004\100\004\110\004\100\004\103\004\102\004\070\004\067\004\060\004\106\004\070\004\117\000\040\004\070\000\040\004\075\004\060\004\062\004\070\004\063\004\060\004\106\004\070\004\117}{chapter.3}% 31
\BOOKMARK [1][-]{section.3.7}{\376\377\004\041\004\070\004\101\004\102\004\065\004\074\004\060\000\040\004\062\004\070\004\067\004\103\004\060\004\073\004\070\004\067\004\060\004\106\004\070\004\070\000\040\004\100\004\065\004\067\004\103\004\073\004\114\004\102\004\060\004\102\004\076\004\062\000\040\004\100\004\065\004\063\004\100\004\065\004\101\004\101\004\070\004\070}{chapter.3}% 32
\BOOKMARK [1][-]{section.3.8}{\376\377\004\042\004\065\004\074\004\070\004\067\004\060\004\106\004\070\004\117\000\040\004\070\000\040\004\101\004\102\004\070\004\073\004\070\004\067\004\060\004\106\004\070\004\117}{chapter.3}% 33
\BOOKMARK [1][-]{section.3.9}{\376\377\004\032\004\076\004\075\004\104\004\070\004\063\004\103\004\100\004\060\004\106\004\070\004\117\000\040\004\101\004\061\004\076\004\100\004\072\004\070}{chapter.3}% 34
\BOOKMARK [1][-]{section.3.10}{\376\377\004\030\004\102\004\076\004\063\004\070\000\040\004\100\004\065\004\060\004\073\004\070\004\067\004\060\004\106\004\070\004\070}{chapter.3}% 35
\BOOKMARK [0][-]{chapter.4}{\376\377\004\055\004\072\004\101\004\077\004\065\004\100\004\070\004\074\004\065\004\075\004\102\000\040\004\070\000\040\004\060\004\075\004\060\004\073\004\070\004\067\000\040\004\077\004\100\004\076\004\070\004\067\004\062\004\076\004\064\004\070\004\102\004\065\004\073\004\114\004\075\004\076\004\101\004\102\004\070}{}% 36
\BOOKMARK [0][-]{chapter*.4}{\376\377\004\027\004\060\004\072\004\073\004\116\004\107\004\065\004\075\004\070\004\065}{}% 37
\BOOKMARK [0][-]{chapter*.5}{\376\377\004\041\004\077\004\070\004\101\004\076\004\072\000\040\004\073\004\070\004\102\004\065\004\100\004\060\004\102\004\103\004\100\004\113}{}% 38
